---
source: src/ui/snapshot_tests.rs
expression: buffer_to_string(&buf)
---




























                                                                            Setting up local AI

                                                             Downloading Bonsai-8B... 500.0 MB / 1.00 GB (48%)

                                                                 ███████████████████░░░░░░░░░░░░░░░░░░░░░































                                                                                Esc: cancel
