---
source: src/ui/snapshot_tests.rs
assertion_line: 122
expression: buffer_to_string(&buf)
---
┌ Board ───────────────────────────────────────────────────────────────────────────────────────────────────────────────────────────┐┌ Players ───────────────────────────┐
│                                                                                                                                  ││▸Alice 0VP                          │
│                                                                                                                                  ││  Wood:0 Brick:0 Sheep:0            │
│                                                                                                                                  ││  Wheat:0 Ore:0                     │
│                                                                                                                                  ││                                    │
│                                                                                                                                  ││ Bob 0VP                            │
│                                                                                                                                  ││  Cards: 0                          │
│                                            *                                       *                                             ││                                    │
│                                                                                                                                  ││ Charlie 0VP                        │
│                                         ╱     ╲             ╱     ╲             ╱     ╲                                          ││  Cards: 0                          │
│                                       ╱         ╲         ╱         ╲         ╱         ╲                                        ││                                    │
│                                     ╱             ╲  *  ╱             ╲     ╱             ╲  *                                   ││ Diana 0VP                          │
│                                    ╱      Ore      ╲   ╱     Sheep     ╲   ╱     Wood      ╲                                     ││  Cards: 0                          │
│                                           10                   2                   9                                             ││                                    │
│                                    ╲               ╱   ╲               ╱   ╲               ╱                                     ││Turn: 1                             │
│                                  *  ╲             ╱     ╲             ╱     ╲             ╱                                      ││Phase: Setup                        │
│                                       ╲         ╱         ╲         ╱         ╲         ╱                                        ││Deck: 25 cards                      │
│                               ╱     ╲   ╲     ╱   ╱     ╲   ╲     ╱   ╱     ╲   ╲     ╱   ╱     ╲                                ││                                    │
│                             ╱         ╲         ╱         ╲         ╱         ╲         ╱         ╲                              ││                                    │
│                        *  ╱             ╲     ╱             ╲     ╱             ╲     ╱             ╲  *                         │└────────────────────────────────────┘
│                          ╱     Wheat     ╲   ╱     Brick     ╲   ╱     Sheep     ╲   ╱     Brick     ╲                           │┌ Game Log (2) ──────────────────────┐
│                                 12                   6                   4                  10                                   ││   1| Game started -- your turn will│
│                          ╲               ╱   ╲               ╱   ╲               ╱   ╲               ╱                           ││show a prompt                       │
│                           ╲             ╱     ╲             ╱     ╲             ╱     ╲             ╱                            ││   2| q:quit  Space:pause           │
│                             ╲         ╱         ╲         ╱         ╲         ╱         ╲         ╱                              ││j/k:scroll  Tab:AI panel            │
│                     ╱     ╲   ╲     ╱   ╱     ╲   ╲     ╱   ╱     ╲   ╲     ╱   ╱     ╲   ╲     ╱   ╱     ╲                      ││                                    │
│                   ╱         ╲         ╱         ╲         ╱         ╲         ╱         ╲         ╱         ╲                    ││                                    │
│                 ╱             ╲     ╱             ╲     ╱             ╲     ╱             ╲     ╱             ╲  *               ││                                    │
│                ╱     Wood      ╲   ╱     Wheat     ╲   ╱  R Desert     ╲   ╱     Wood      ╲   ╱      Ore      ╲                 ││                                    │
│                        9                  11                   R                   3                   8                         ││                                    │
│                ╲               ╱   ╲               ╱   ╲               ╱   ╲               ╱   ╲               ╱                 ││                                    │
│                 ╲             ╱     ╲             ╱     ╲             ╱     ╲             ╱     ╲             ╱                  ││                                    │
│                   ╲         ╱         ╲         ╱         ╲         ╱         ╲         ╱         ╲         ╱                    ││                                    │
│                     ╲     ╱   ╱     ╲   ╲     ╱   ╱     ╲   ╲     ╱   ╱     ╲   ╲     ╱   ╱     ╲   ╲     ╱                      ││                                    │
│                             ╱         ╲         ╱         ╲         ╱         ╲         ╱         ╲                              ││                                    │
│                           ╱             ╲     ╱             ╲     ╱             ╲     ╱             ╲                            ││                                    │
│                          ╱     Wood      ╲   ╱      Ore      ╲   ╱     Wheat     ╲   ╱     Sheep     ╲                           ││                                    │
│                                  8                   3                   4                   5                                   ││                                    │
│                          ╲               ╱   ╲               ╱   ╲               ╱   ╲               ╱                           ││                                    │
│                        *  ╲             ╱     ╲             ╱     ╲             ╱     ╲             ╱  *                         ││                                    │
│                             ╲         ╱         ╲         ╱         ╲         ╱         ╲         ╱                              ││                                    │
│                               ╲     ╱   ╱     ╲   ╲     ╱   ╱     ╲   ╲     ╱   ╱     ╲   ╲     ╱                                ││                                    │
│                                       ╱         ╲         ╱         ╲         ╱         ╲                                        ││                                    │
│                                     ╱             ╲     ╱             ╲     ╱             ╲  *                                   ││                                    │
│                                    ╱     Brick     ╲   ╱     Wheat     ╲   ╱     Sheep     ╲                                     ││                                    │
│                                            5                   6                  11                                             ││                                    │
│                                    ╲               ╱   ╲               ╱   ╲               ╱                                     ││                                    │
│                                     ╲             ╱  *  ╲             ╱     ╲             ╱  *                                   ││                                    │
│                                       ╲         ╱         ╲         ╱         ╲         ╱                                        ││                                    │
│                                         ╲     ╱             ╲     ╱             ╲     ╱                                          ││                                    │
│                                                                                                                                  ││                                    │
│                                            *                                       *                                             ││                                    │
│                                                                                                                                  ││                                    │
│                                                                                                                                  ││                                    │
│                                                                                                                                  ││                                    │
│                                                                                                                                  ││                                    │
│                                                                                                                                  ││                                    │
│                                                                                                                                  ││                                    │
└──────────────────────────────────────────────────────────────────────────────────────────────────────────────────────────────────┘└────────────────────────────────────┘
┌────────────────────────────────────────────────────────────────────────────────────────────────────────────────────────────────────────────────────────────────────────┐
│ Trade offer from Bob                                                                                                                                                   │
│ Offering: 2 Wood  Wanting: 1 Ore                                                                                                                                       │
│ [y]es accept  [n]o reject                                                                                                                                              │
└────────────────────────────────────────────────────────────────────────────────────────────────────────────────────────────────────────────────────────────────────────┘
 TRADE OFFER  | q:quit  ?:help  Tab:AI  Space:pause
