---
source: src/ui/snapshot_tests.rs
expression: buffer_to_string(&buf)
---

                                                                                 New Game

                                                     PLAYERS

                                                         Players:  ○ 3   ● 4

                                                         1  Player        Human
                                                         2  Bob           Llamafile   Aggressive
                                                         3  Charlie       Llamafile   Grudge Holder
                                                         4  Diana         Llamafile   Builder

                                                     RULES

                                                          Friendly Robber     Off
                                                          Board Layout        Beginner

                                                       [ Start Game ]














































                                                          ↑↓: move  |  ←→: change  |  Enter: select  |  Esc: back
