---
source: src/ui/snapshot_tests.rs
expression: buffer_to_string(&buf)
---
┌ Board ───────────────────────────────────────────────────────────────────────────────────────────────────────────────────────────────────┐┌ Players ───────────────────┐
│                                                                                                                                          ││>P0 Alice 0VP               │
│                                                                                                                                          ││  W:0 B:0 S:0 H:0 O:0       │
│                                                                                                                                          ││                            │
│                                                                                                                                          ││ P1 Bob 0VP                 │
│                                                                                                                                          ││  W:0 B:0 S:0 H:0 O:0       │
│                                                *                                       *                                                 ││                            │
│                                                          *                                       *                                       ││ P2 Charlie 0VP             │
│                                                                                                                                          ││  W:0 B:0 S:0 H:0 O:0       │
│                                                                                                                                          ││                            │
│                                              Brick               Brick               Brick                                               ││ P3 Diana 0VP               │
│                                                5                   2                   6                                                 ││  W:0 B:0 S:0 H:0 O:0       │
│                                                                                                                                          ││                            │
│                                                                                                                                          ││Turn: 1                     │
│                                                                                                                                          ││Phase: Setup { round:       │
│                                      *                                                                                                   ││Deck: 25 cards              │
│                            *                                                                               *                             ││                            │
│                                                                                                                                          ││                            │
│                                                                                                                                          ││                            │
│                                    Wood                Wood                Wood                Wood                                      │└────────────────────────────┘
│                                      3                   8                  10                   9                                       │┌ Game Log (2/2) ────────────┐
│                                                                                                                                          ││   1| Game started -- your  │
│                                                                                                                                          ││turn will show a prompt     │
│                                                                                                                                          ││   2| q:quit  Space:pause   │
│                                                                                                                                          ││+/-:speed  j/k:scroll       │
│                                                                                                                      *                   ││Tab:AI panel                │
│                                                                                                                                          ││                            │
│                                                                                                                                          ││                            │
│                           Ore                 Ore                 Ore                Wheat               Wheat                           ││                            │
│                           12                  11                   4                   8                  10                             ││                            │
│                                                                                                                                          ││                            │
│                                                                                                                                          ││                            │
│                                                                                                                                          ││                            │
│                                                                                                                                          ││                            │
│                                                                                                                                          ││                            │
│                                                                                                                                          ││                            │
│                                                                                                                                          ││                            │
│                                    Wheat               Wheat               Sheep               Sheep                                     ││                            │
│                                      9                   4                   5                   6                                       ││                            │
│                                                                                                                                          ││                            │
│                                                                                                                                          ││                            │
│                                                                                                                                          ││                            │
│                            *                                                                               *                             ││                            │
│                                                                                                  *                                       ││                            │
│                                                                                                                                          ││                            │
│                                                                                                                                          ││                            │
│                                              Sheep               Sheep            R Desert                                               ││                            │
│                                                3                  11                   R                                                 ││                            │
│                                                                                                                                          ││                            │
│                                                                                                                                          ││                            │
│                                                                                                                                          ││                            │
│                                                          *                                       *                                       ││                            │
│                                                *                                       *                                                 ││                            │
│                                                                                                                                          ││                            │
│                                                                                                                                          ││                            │
│                                                                                                                                          ││                            │
│                                                                                                                                          ││                            │
│                                                                                                                                          ││                            │
└──────────────────────────────────────────────────────────────────────────────────────────────────────────────────────────────────────────┘└────────────────────────────┘
┌────────────────────────────────────────────────────────────────────────────────────────────────────────────────────────────────────────────────────────────────────────┐
│ Trade offer from Player 1                                                                                                                                              │
│ Offering: 2 Wood  Wanting: 1 Ore                                                                                                                                       │
│ [y]es accept  [n]o reject                                                                                                                                              │
└────────────────────────────────────────────────────────────────────────────────────────────────────────────────────────────────────────────────────────────────────────┘
 Speed: 100ms  TRADE OFFER  | q:quit  ?:help  Tab:AI  Space:pause  +/-:speed
