---
source: src/ui/snapshot_tests.rs
expression: buffer_to_string(&buf)
---























                                                                ███████╗███████╗████████╗████████╗██╗
                                                                ██╔════╝██╔════╝╚══██╔══╝╚══██╔══╝██║
                                                                ███████╗█████╗     ██║      ██║   ██║
                                                                ╚════██║██╔══╝     ██║      ██║   ██║
                                                                ███████║███████╗   ██║      ██║   ███████╗
                                                                ╚══════╝╚══════╝   ╚═╝      ╚═╝   ╚══════╝


                                                                             terminal settlers

                                                                            > New Game
                                                                              Personalities
                                                                              Settings
                                                                              Docs
                                                                              About
                                                                              Quit

                                                                  [↑↓] navigate  [Enter] select  [q] quit
