---
source: src/ui/snapshot_tests.rs
expression: buffer_to_string(&buf)
---
┌ Board ───────────────────────────────────────────────────────────────────────────────────────────────────────────────────────────┐┌ Players ───────────────────────────┐
│                                                                                                                                  ││▸Alice 0VP                          │
│                                                                                                                                  ││  W:0 B:0 S:0 H:0 O:0               │
│                                                                                                                                  ││                                    │
│                                                                                                                                  ││ Bob 0VP                            │
│                                                                                                                                  ││  W:0 B:0 S:0 H:0 O:0               │
│                                                                                                                                  ││                                    │
│                                            *                                       *                                             ││ Charlie 0VP                        │
│                                                                                                                                  ││  W:0 B:0 S:0 H:0 O:0               │
│                                         ╱     ╲             ╱     ╲             ╱     ╲                                          ││                                    │
│                                       ╱         ╲         ╱         ╲         ╱         ╲                                        ││ Diana 0VP                          │
│                                     ╱             ╲  *  ╱             ╲     ╱             ╲  *                                   ││  W:0 B:0 S:0 H:0 O:0               │
│                                    ╱      Ore      ╲   ╱     Sheep     ╲   ╱     Wood      ╲                                     ││                                    │
│                                           10                   2                   9                                             ││Turn: 1                             │
│                                    ╲               ╱   ╲               ╱   ╲               ╱                                     ││Phase: Setup                        │
│                                  *  ╲             ╱     ╲             ╱     ╲             ╱                                      ││Deck: 25 cards                      │
│                                       ╲         ╱         ╲         ╱         ╲         ╱                                        ││                                    │
│                               ╱     ╲   ╲     ╱   ╱     ╲   ╲     ╱   ╱     ╲   ╲     ╱   ╱     ╲                                ││                                    │
│                             ╱         ╲         ╱         ╲         ╱         ╲         ╱         ╲                              ││                                    │
│                        *  ╱             ╲     ╱             ╲     ╱             ╲     ╱             ╲  *                         │└────────────────────────────────────┘
│                          ╱     Wheat     ╲   ╱     Brick     ╲   ╱     Sheep     ╲   ╱     Brick     ╲                           │┌ Game Log (2) ──────────────────────┐
│                                 12                   6                   4                  10                                   ││   1| Game started -- your turn will│
│                          ╲               ╱   ╲               ╱   ╲               ╱   ╲               ╱                           ││show a prompt                       │
│                           ╲             ╱     ╲             ╱     ╲             ╱     ╲             ╱                            ││   2| q:quit  Space:pause           │
│                             ╲         ╱         ╲         ╱         ╲         ╱         ╲         ╱                              ││j/k:scroll  Tab:AI panel            │
│                     ╱     ╲   ╲     ╱   ╱     ╲   ╲     ╱   ╱     ╲   ╲     ╱   ╱     ╲   ╲     ╱   ╱     ╲                      ││                                    │
│                   ╱         ╲         ╱         ╲         ╱         ╲         ╱         ╲         ╱         ╲                    ││                                    │
│                 ╱             ╲     ╱             ╲     ╱             ╲     ╱             ╲     ╱             ╲  *               ││                                    │
│                ╱     Wood      ╲   ╱     Wheat     ╲   ╱  R Desert     ╲   ╱     Wood      ╲   ╱      Ore      ╲                 ││                                    │
│                        9                  11                   R                   3                   8                         ││                                    │
│                ╲               ╱   ╲               ╱   ╲               ╱   ╲               ╱   ╲               ╱                 ││                                    │
│                 ╲             ╱     ╲             ╱     ╲             ╱     ╲             ╱     ╲             ╱                  ││                                    │
│                   ╲         ╱         ╲         ╱         ╲         ╱         ╲         ╱         ╲         ╱                    ││                                    │
│                     ╲     ╱   ╱     ╲   ╲     ╱   ╱     ╲   ╲     ╱   ╱     ╲   ╲     ╱   ╱     ╲   ╲     ╱                      ││                                    │
│                             ╱         ╲         ╱         ╲         ╱         ╲         ╱         ╲                              ││                                    │
│                           ╱             ╲     ╱             ╲     ╱             ╲     ╱             ╲                            ││                                    │
│                          ╱     Wood      ╲   ╱      Ore      ╲   ╱     Wheat     ╲   ╱     Sheep     ╲                           ││                                    │
│                                  8                   3                   4                   5                                   ││                                    │
│                          ╲               ╱   ╲               ╱   ╲               ╱   ╲               ╱                           ││                                    │
│                        *  ╲             ╱     ╲             ╱     ╲             ╱     ╲             ╱  *                         ││                                    │
│                             ╲         ╱         ╲         ╱         ╲         ╱         ╲         ╱                              ││                                    │
│                               ╲     ╱   ╱     ╲   ╲     ╱   ╱     ╲   ╲     ╱   ╱     ╲   ╲     ╱                                ││                                    │
│                                       ╱         ╲         ╱         ╲         ╱         ╲                                        ││                                    │
│                                     ╱             ╲     ╱             ╲     ╱             ╲  *                                   ││                                    │
│                                    ╱     Brick     ╲   ╱     Wheat     ╲   ╱     Sheep     ╲                                     ││                                    │
│                                            5                   6                  11                                             ││                                    │
│                                    ╲               ╱   ╲               ╱   ╲               ╱                                     ││                                    │
│                                     ╲             ╱  *  ╲             ╱     ╲             ╱  *                                   ││                                    │
│                                       ╲         ╱         ╲         ╱         ╲         ╱                                        ││                                    │
│                                         ╲     ╱             ╲     ╱             ╲     ╱                                          ││                                    │
│                                                                                                                                  ││                                    │
│                                            *                                       *                                             ││                                    │
│                                                                                                                                  ││                                    │
│                                                                                                                                  ││                                    │
│                                                                                                                                  ││                                    │
│                                                                                                                                  ││                                    │
│                                                                                                                                  ││                                    │
│                                                                                                                                  ││                                    │
└──────────────────────────────────────────────────────────────────────────────────────────────────────────────────────────────────┘└────────────────────────────────────┘
┌────────────────────────────────────────────────────────────────────────────────────────────────────────────────────────────────────────────────────────────────────────┐
│ Discard 0/4: (none)                                                                                                                                                    │
│ Remaining: W:3 B:2 S:1 H:4 O:2  (total: 12)                                                                                                                            │
│ [w/b/s/h/o] add  [Backspace] undo  [Esc] auto-fill  [Enter] confirm                                                                                                    │
└────────────────────────────────────────────────────────────────────────────────────────────────────────────────────────────────────────────────────────────────────────┘
 DISCARD  | q:quit  ?:help  Tab:AI  Space:pause
