---
source: src/ui/snapshot_tests.rs
expression: buffer_to_string(&buf)
---
┌ Board ───────────────────────────────────────────────────────────────────────┐
│                                                                              │
│                                                                              │
│                                *                                       *     │
│                                          *                                   │
│                                                                              │
│                                                                              │
│                              Brick               Brick               Brick   │
│                                5                   2                   6     │
│                                                                              │
│                                                                              │
│                                                                              │
│                      *                                                       │
│            *                                                                 │
│                                                                              │
│                                                                              │
│                    Wood                Wood                Wood              │
│                      3                   8                  10               │
│                                                                              │
│                                                                              │
│                                                                              │
│                                                                              │
│                                                                              │
└──────────────────────────────────────────────────────────────────────────────┘
┌──────────────────────────────────────────────────────────────────────────────┐
│▸ Build Settlement[s]  Build Road[r]  Buy Development Card[d]  Propose Trade[t│
│                                                                              │
│ [Arrow/Enter] select  [s]ettlement  [r]oad  [d]ev card  [t]rade  [e]nd turn  │
└──────────────────────────────────────────────────────────────────────────────┘
 Speed: 100ms  YOUR TURN  | q:quit  ?:help  Tab:AI  Space:pause  +/-:speed
