---
source: src/ui/snapshot_tests.rs
expression: buffer_to_string(&buf)
---
┌ Board ─────────────────────────────────┐┌────────────────────────────────────┐
│                                        ││ Game   AI                          │
│                                        ││▸Alice 0VP                          │
│                                        ││  Wood:0 Brick:0 Sheep:0            │
│                                *       ││  Wheat:0 Ore:0                     │
│                                   3:1  ││                                    │
│                             ╱     ╲    ││ Bob 0VP                            │
│                           ╱         ╲  ││  Cards: 0                          │
│                         ╱             ╲││                                    │
│                        ╱      Ore      ││ Charlie 0VP                        │
│                               10       ││  Cards: 0                          │
│                        ╲               ││                                    │
│                      *  ╲             ╱││ Diana 0VP                          │
│                           ╲         ╱  ││  Cards: 0                          │
│              2:W  ╱     ╲   ╲     ╱   ╱││                                    │
│                 ╱         ╲         ╱  ││Turn: 1                             │
│            *  ╱             ╲     ╱    ││Phase: Setup                        │
│              ╱     Wheat     ╲   ╱     ││Deck: 25 cards                      │
│                     12                 ││                                    │
│              ╲               ╱   ╲     ││────────────────────────────────────│
│               ╲             ╱     ╲    ││   1| Game started -- your turn will│
│                 ╲         ╱         ╲  ││show a prompt                       │
│         ╱     ╲   ╲     ╱   ╱     ╲   ╲││   2| q:quit  Space:pause           │
└────────────────────────────────────────┘└────────────────────────────────────┘
┌──────────────────────────────────────────────────────────────────────────────┐
│Build Settlement[s]  Build Road[r]  Buy Development Card[d]  Propose Trade[t] │
│                                                                              │
│ [s]ettlement  [r]oad  [c]ity  [d]ev card  [b]ank trade  [t]rade  [e]nd turn  │
└──────────────────────────────────────────────────────────────────────────────┘
 YOUR TURN  | q:quit  ?:help  Tab:Game/AI  Space:pause
