---
source: src/ui/snapshot_tests.rs
assertion_line: 181
expression: buffer_to_string(&buf)
---

                                                                                 New Game

                                                     Players: 4  (press +/- to change)

                                                      #  Name         Type     Model              Personality
                                                     > 1  Player       Human    —                  —
                                                       2  Bob          Llamafile Bonsai-1.7B        Aggressive
                                                       3  Charlie      Llamafile Bonsai-1.7B        Grudge Holder
                                                       4  Diana        Llamafile Bonsai-1.7B        Builder


                                                       [ Start Game ]



















































                                                ↑↓: move  |  ←→/Tab: change  |  Enter: start  |  +/-: players  |  Esc: back
