---
source: src/ui/snapshot_tests.rs
expression: buffer_to_string(&buf)
---

                                                                                 New Game

                                                     Players: 4  (press +/- to change)

                                                      #  Name              Role         Personality
                                                     > 1  Player           Human        —
                                                       2  Bob              Llamafile    Aggressive
                                                       3  Charlie          Llamafile    Grudge Holder
                                                       4  Diana            Llamafile    Builder


                                                       [ Start Game ]



















































                                                ↑↓: move  |  ←→/Tab: change  |  Enter: start  |  +/-: players  |  Esc: back
