---
source: src/ui/snapshot_tests.rs
expression: buffer_to_string(&buf)
---
┌ Board ───────────────────────────────────────────────────────────────────────────────────────────────────────────────────────────────────┐┌ Players ───────────────────┐
│                                                         Computing board layout...                                                        ││▸P0 Alice 0VP               │
│                                                                                                                                          ││  W:0 B:0 S:0 H:0 O:0       │
│                                                                                                                                          ││                            │
│                                                                                                                                          ││ P1 Bob 0VP                 │
│                                                                                                                                          ││  W:0 B:0 S:0 H:0 O:0       │
│                                                                                                                                          ││                            │
│                                                                                                                                          ││ P2 Charlie 0VP             │
│                                                                                                                                          ││  W:0 B:0 S:0 H:0 O:0       │
│                                                                                                                                          ││                            │
│                                                                                                                                          ││ P3 Diana 0VP               │
│                                                                                                                                          ││  W:0 B:0 S:0 H:0 O:0       │
│                                                                                                                                          ││                            │
│                                                                                                                                          ││Turn: 1                     │
│                                                                                                                                          ││Phase: Setup { round:       │
│                                                                                                                                          ││Deck: 25 cards              │
│                                                                                                                                          ││                            │
│                                                                                                                                          ││                            │
│                                                                                                                                          ││                            │
│                                                                                                                                          │└────────────────────────────┘
│                                                                                                                                          │┌ Game Log (2) ──────────────┐
│                                                                                                                                          ││   1| Game started -- your  │
│                                                                                                                                          ││turn will show a prompt     │
│                                                                                                                                          ││   2| q:quit  Space:pause   │
│                                                                                                                                          ││+/-:speed  j/k:scroll       │
│                                                                                                                                          ││Tab:AI panel                │
│                                                                                                                                          ││                            │
│                                                                                                                                          ││                            │
│                                                                                                                                          ││                            │
│                                                                                                                                          ││                            │
│                                                                                                                                          ││                            │
│                                                                                                                                          ││                            │
│                                                                                                                                          ││                            │
│                                                                                                                                          ││                            │
│                                                                                                                                          ││                            │
│                                                                                                                                          ││                            │
│                                                                                                                                          ││                            │
│                                                                                                                                          ││                            │
│                                                                                                                                          ││                            │
│                                                                                                                                          ││                            │
│                                                                                                                                          ││                            │
│                                                                                                                                          ││                            │
│                                                                                                                                          ││                            │
│                                                                                                                                          ││                            │
│                                                                                                                                          ││                            │
│                                                                                                                                          ││                            │
│                                                                                                                                          ││                            │
│                                                                                                                                          ││                            │
│                                                                                                                                          ││                            │
│                                                                                                                                          ││                            │
│                                                                                                                                          ││                            │
│                                                                                                                                          ││                            │
│                                                                                                                                          ││                            │
│                                                                                                                                          ││                            │
│                                                                                                                                          ││                            │
│                                                                                                                                          ││                            │
│                                                                                                                                          ││                            │
│                                                                                                                                          ││                            │
└──────────────────────────────────────────────────────────────────────────────────────────────────────────────────────────────────────────┘└────────────────────────────┘
┌────────────────────────────────────────────────────────────────────────────────────────────────────────────────────────────────────────────────────────────────────────┐
│Game started -- your turn will show a prompt                                                                                                                            │
│                                                                                                                                                                        │
│                                                                                                                                                                        │
└────────────────────────────────────────────────────────────────────────────────────────────────────────────────────────────────────────────────────────────────────────┘
 Speed: 100ms  | q:quit  ?:help  Tab:AI  Space:pause  +/-:speed
