---
source: src/ui/snapshot_tests.rs
expression: buffer_to_string(&buf)
---
























                                                                ███████╗███████╗████████╗████████╗██╗
                                                                ██╔════╝██╔════╝╚══██╔══╝╚══██╔══╝██║
                                                                ███████╗█████╗     ██║      ██║   ██║
                                                                ╚════██║██╔══╝     ██║      ██║   ██║
                                                                ███████║███████╗   ██║      ██║   ███████╗
                                                                ╚══════╝╚══════╝   ╚═╝      ╚═╝   ╚══════╝


                                                                             terminal settlers

                                                                               > New Game
                                                                                 About
                                                                                 Quit

                                                                  [↑↓] navigate  [Enter] select  [q] quit
