---
source: src/ui/snapshot_tests.rs
expression: buffer_to_string(&buf)
---
┌ Board ───────────────────────────────────────────────────────────────────────┐
│                                                                              │
│                                                                              │
│                                *                                       *     │
│                                          *                                   │
│                            ╱       ╲           ╱       ╲           ╱       ╲ │
│                          ╱           ╲       ╱           ╲       ╱           │
│                         ╱     Ore     ╲     ╱    Sheep    ╲     ╱    Wood    │
│                               10                   2                   9     │
│                         ╲             ╱     ╲             ╱     ╲            │
│                          ╲           ╱       ╲           ╱       ╲           │
│                            ╲       ╱           ╲       ╱           ╲       ╱ │
│                      *                                                       │
│            *                                                                 │
│                  ╱       ╲           ╱       ╲           ╱       ╲           │
│                ╱           ╲       ╱           ╲       ╱           ╲       ╱ │
│               ╱    Wheat    ╲     ╱    Brick    ╲     ╱    Sheep    ╲     ╱  │
│                     12                   6                   4               │
│               ╲             ╱     ╲             ╱     ╲             ╱     ╲  │
│                ╲           ╱       ╲           ╱       ╲           ╱       ╲ │
│                  ╲       ╱           ╲       ╱           ╲       ╱           │
│                                                                              │
│                                                                              │
└──────────────────────────────────────────────────────────────────────────────┘
┌──────────────────────────────────────────────────────────────────────────────┐
│▸ Build Settlement[s]  Build Road[r]  Buy Development Card[d]  Propose Trade[t│
│                                                                              │
│ [Arrow/Enter] select  [s]ettlement  [r]oad  [c]ity  [d]ev card  [t]rade  [e]n│
└──────────────────────────────────────────────────────────────────────────────┘
 YOUR TURN  | q:quit  ?:help  Tab:AI  Space:pause
